../Core/Src/main.c:94:5:_write	24	static
../Core/Src/main.c:104:5:main	8	static
../Core/Src/main.c:162:6:SystemClock_Config	88	static
../Core/Src/main.c:203:13:MX_NVIC_Init	8	static
../Core/Src/main.c:224:13:MX_I2C1_Init	8	static
../Core/Src/main.c:258:13:MX_TIM4_Init	32	static
../Core/Src/main.c:303:13:MX_USART2_UART_Init	8	static
../Core/Src/main.c:336:13:MX_GPIO_Init	40	static
../Core/Src/main.c:363:6:HAL_TIM_PeriodElapsedCallback	16	static
../Core/Src/main.c:375:9:Read_MPU6050_ID	32	static
../Core/Src/main.c:383:6:MPU6050_Write	32	static
../Core/Src/main.c:389:6:MPU6050_Read	24	static
../Core/Src/main.c:395:6:MPU6050_Init	8	static
../Core/Src/main.c:414:6:MPU6050_ReadAccel	32	static
../Core/Src/main.c:425:6:MPU6050_ReadGyro	32	static
../Core/Src/main.c:442:6:Error_Handler	4	static,ignoring_inline_asm
