../Core/Src/main.c:93:5:_write	24	static
../Core/Src/main.c:103:5:main	32	static
../Core/Src/main.c:169:6:SystemClock_Config	88	static
../Core/Src/main.c:215:13:MX_NVIC_Init	8	static
../Core/Src/main.c:239:13:MX_I2C1_Init	8	static
../Core/Src/main.c:273:13:MX_TIM2_Init	32	static
../Core/Src/main.c:318:13:MX_TIM3_Init	32	static
../Core/Src/main.c:363:13:MX_USART2_UART_Init	8	static
../Core/Src/main.c:396:13:MX_GPIO_Init	40	static
../Core/Src/main.c:422:6:HAL_TIM_PeriodElapsedCallback	16	static
../Core/Src/main.c:432:9:Read_MPU6050_ID	32	static
../Core/Src/main.c:438:6:MPU6050_Write	32	static
../Core/Src/main.c:445:6:MPU6050_Read	24	static
../Core/Src/main.c:454:6:MPU6050_Init	8	static
../Core/Src/main.c:476:6:MPU6050_ReadAccel	32	static
../Core/Src/main.c:486:6:MPU6050_ReadGyro	32	static
../Core/Src/main.c:496:6:Send_IMU_Data	48	static
../Core/Src/main.c:524:6:Compute_Orientation	40	static
../Core/Src/main.c:550:6:Error_Handler	4	static,ignoring_inline_asm
