../Core/Src/main.c:94:5:_write	24	static
../Core/Src/main.c:104:5:main	32	static
../Core/Src/main.c:172:6:SystemClock_Config	88	static
../Core/Src/main.c:213:13:MX_NVIC_Init	8	static
../Core/Src/main.c:231:13:MX_I2C1_Init	8	static
../Core/Src/main.c:265:13:MX_TIM2_Init	32	static
../Core/Src/main.c:310:13:MX_TIM3_Init	32	static
../Core/Src/main.c:355:13:MX_USART2_UART_Init	8	static
../Core/Src/main.c:388:13:MX_GPIO_Init	40	static
../Core/Src/main.c:415:6:HAL_TIM_PeriodElapsedCallback	16	static
../Core/Src/main.c:426:9:Read_MPU6050_ID	32	static
../Core/Src/main.c:434:6:MPU6050_Write	32	static
../Core/Src/main.c:442:6:MPU6050_Read	32	static
../Core/Src/main.c:490:6:MPU6050_Init	8	static
../Core/Src/main.c:513:6:MPU6050_ReadAccel	32	static
../Core/Src/main.c:524:6:MPU6050_ReadGyro	32	static
../Core/Src/main.c:535:6:Send_IMU_Data	48	static
../Core/Src/main.c:564:6:Compute_Orientation	40	static
../Core/Src/main.c:590:6:Error_Handler	4	static,ignoring_inline_asm
