../Core/Src/main.c:104:5:_write	24	static
../Core/Src/main.c:114:5:main	32	static
../Core/Src/main.c:185:6:SystemClock_Config	88	static
../Core/Src/main.c:231:13:MX_NVIC_Init	8	static
../Core/Src/main.c:255:13:MX_I2C1_Init	8	static
../Core/Src/main.c:289:13:MX_TIM2_Init	32	static
../Core/Src/main.c:334:13:MX_TIM3_Init	32	static
../Core/Src/main.c:379:13:MX_USART2_UART_Init	8	static
../Core/Src/main.c:412:13:MX_GPIO_Init	40	static
../Core/Src/main.c:438:6:HAL_TIM_PeriodElapsedCallback	16	static
../Core/Src/main.c:448:9:Read_MPU6050_ID	32	static
../Core/Src/main.c:454:6:MPU6050_Write	32	static
../Core/Src/main.c:461:6:MPU6050_Read	24	static
../Core/Src/main.c:470:6:MPU6050_Init	8	static
../Core/Src/main.c:492:6:MPU6050_ReadAccel	32	static
../Core/Src/main.c:502:6:MPU6050_ReadGyro	32	static
../Core/Src/main.c:512:6:Send_IMU_Data	48	static
../Core/Src/main.c:540:6:Kalman_Init	16	static
../Core/Src/main.c:547:7:Kalman_Update	48	static
../Core/Src/main.c:579:6:Compute_Orientation_Kalman	48	static
../Core/Src/main.c:607:6:Error_Handler	4	static,ignoring_inline_asm
