../Core/Src/main.c:91:5:_write	24	static
../Core/Src/main.c:101:5:main	8	static
../Core/Src/main.c:170:6:SystemClock_Config	96	static
../Core/Src/main.c:213:13:MX_NVIC_Init	8	static
../Core/Src/main.c:237:13:MX_I2C1_Init	8	static
../Core/Src/main.c:285:13:MX_TIM6_Init	24	static
../Core/Src/main.c:323:13:MX_TIM7_Init	24	static
../Core/Src/main.c:361:13:MX_USART2_UART_Init	8	static
../Core/Src/main.c:396:13:MX_GPIO_Init	48	static
../Core/Src/main.c:432:6:HAL_TIM_PeriodElapsedCallback	16	static
../Core/Src/main.c:443:9:Read_MPU6050_ID	32	static
../Core/Src/main.c:451:6:MPU6050_Write	32	static
../Core/Src/main.c:459:6:MPU6050_Read	32	static
../Core/Src/main.c:505:6:MPU6050_Init	8	static
../Core/Src/main.c:531:6:MPU6050_ReadAccel	32	static
../Core/Src/main.c:542:6:MPU6050_ReadGyro	32	static
../Core/Src/main.c:553:6:Send_IMU_Data	48	static
../Core/Src/main.c:584:6:Compute_Orientation_Kalman	48	static
../Core/Src/main.c:611:6:Error_Handler	4	static,ignoring_inline_asm
