../Core/Src/main.c:95:5:_write	24	static
../Core/Src/main.c:105:5:main	32	static
../Core/Src/main.c:174:6:SystemClock_Config	96	static
../Core/Src/main.c:217:13:MX_NVIC_Init	8	static
../Core/Src/main.c:241:13:MX_I2C1_Init	8	static
../Core/Src/main.c:289:13:MX_TIM6_Init	24	static
../Core/Src/main.c:327:13:MX_TIM7_Init	24	static
../Core/Src/main.c:365:13:MX_USART2_UART_Init	8	static
../Core/Src/main.c:400:13:MX_GPIO_Init	48	static
../Core/Src/main.c:436:6:HAL_TIM_PeriodElapsedCallback	16	static
../Core/Src/main.c:447:9:Read_MPU6050_ID	32	static
../Core/Src/main.c:455:6:MPU6050_Write	32	static
../Core/Src/main.c:463:6:MPU6050_Read	32	static
../Core/Src/main.c:511:6:MPU6050_Init	8	static
../Core/Src/main.c:534:6:MPU6050_ReadAccel	32	static
../Core/Src/main.c:545:6:MPU6050_ReadGyro	32	static
../Core/Src/main.c:556:6:Send_IMU_Data	48	static
../Core/Src/main.c:585:6:Compute_Orientation	40	static
../Core/Src/main.c:611:6:Error_Handler	4	static,ignoring_inline_asm
