../Core/Src/main.c:108:5:_write	24	static
../Core/Src/main.c:118:5:main	32	static
../Core/Src/main.c:194:6:SystemClock_Config	88	static
../Core/Src/main.c:240:13:MX_NVIC_Init	8	static
../Core/Src/main.c:267:13:MX_I2C1_Init	8	static
../Core/Src/main.c:301:13:MX_TIM2_Init	32	static
../Core/Src/main.c:346:13:MX_TIM3_Init	32	static
../Core/Src/main.c:391:13:MX_TIM4_Init	56	static
../Core/Src/main.c:440:13:MX_USART2_UART_Init	8	static
../Core/Src/main.c:473:13:MX_GPIO_Init	48	static
../Core/Src/main.c:510:6:HAL_TIM_PeriodElapsedCallback	16	static
../Core/Src/main.c:520:9:Read_MPU6050_ID	32	static
../Core/Src/main.c:526:6:MPU6050_Write	32	static
../Core/Src/main.c:533:6:MPU6050_Read	24	static
../Core/Src/main.c:542:6:MPU6050_Init	8	static
../Core/Src/main.c:568:6:MPU6050_ReadAccel	32	static
../Core/Src/main.c:578:6:MPU6050_ReadGyro	32	static
../Core/Src/main.c:588:6:Send_IMU_Data	48	static
../Core/Src/main.c:616:6:Kalman_Init	16	static
../Core/Src/main.c:623:7:Kalman_Update	48	static
../Core/Src/main.c:655:6:Compute_Orientation_Kalman	48	static
../Core/Src/main.c:676:6:HAL_UART_RxCpltCallback	16	static
../Core/Src/main.c:695:6:Error_Handler	4	static,ignoring_inline_asm
